light_traffic.c:14:6:setInit	8	static
light_traffic.c:24:6:setRed	8	static
light_traffic.c:42:6:setRed_1	8	static
light_traffic.c:48:6:setGreen_1	8	static
light_traffic.c:54:6:setYellow_1	8	static
light_traffic.c:61:6:setRed_2	8	static
light_traffic.c:67:6:setGreen_2	8	static
light_traffic.c:73:6:setYellow_2	8	static
light_traffic.c:79:6:setToggleRed	8	static
light_traffic.c:91:6:setToggleGreen	8	static
light_traffic.c:101:6:setToggleYellow	8	static
light_traffic.c:111:6:display7SEG	16	static
light_traffic.c:208:6:update7SEG	16	static
light_traffic.c:245:6:updateClockBuffer	4	static
